SQL> SELECT
  2  
SQL> SELECT* FROM PROFESOR;

       DNI P                                                                    
---------- ------------------------------------------------------------         
       CAR CAT                                                                  
---------- -----                                                                
      1111 JUAN                                                                 
         6 CU                                                                   
                                                                                
      2222 CARLOS                                                               
         7 TU                                                                   
                                                                                
      3333 PEDRO                                                                
         4 TEU                                                                  
                                                                                

       DNI P                                                                    
---------- ------------------------------------------------------------         
       CAR CAT                                                                  
---------- -----                                                                
      4444 MARIA                                                                
         7 TU                                                                   
                                                                                
      5555 IVAN                                                                 
         1 CEU                                                                  
                                                                                
      6666 CARMEN                                                               
         3 CD                                                                   
                                                                                

       DNI P                                                                    
---------- ------------------------------------------------------------         
       CAR CAT                                                                  
---------- -----                                                                
      7777 MARIO                                                                
         2 TU                                                                   
                                                                                
      8888 FRANCISCO                                                            
         5 TU                                                                   
                                                                                
      9999 ANGELA                                                               
         8 TEU                                                                  
                                                                                

       DNI P                                                                    
---------- ------------------------------------------------------------         
       CAR CAT                                                                  
---------- -----                                                                
      1010 DAVID                                                                
         4 TU                                                                   
                                                                                
      2020 SOLEDAD                                                              
         7 CU                                                                   
                                                                                
      3030 JOSE MANUEL                                                          
         6 TEU                                                                  
                                                                                

12 rows selected.

SQL> SET PAGESIZE 100
SQL> SELECT* FROM PROFESOR;

       DNI P                                                                    
---------- ------------------------------------------------------------         
       CAR CAT                                                                  
---------- -----                                                                
      1111 JUAN                                                                 
         6 CU                                                                   
                                                                                
      2222 CARLOS                                                               
         7 TU                                                                   
                                                                                
      3333 PEDRO                                                                
         4 TEU                                                                  
                                                                                
      4444 MARIA                                                                
         7 TU                                                                   
                                                                                
      5555 IVAN                                                                 
         1 CEU                                                                  
                                                                                
      6666 CARMEN                                                               
         3 CD                                                                   
                                                                                
      7777 MARIO                                                                
         2 TU                                                                   
                                                                                
      8888 FRANCISCO                                                            
         5 TU                                                                   
                                                                                
      9999 ANGELA                                                               
         8 TEU                                                                  
                                                                                
      1010 DAVID                                                                
         4 TU                                                                   
                                                                                
      2020 SOLEDAD                                                              
         7 CU                                                                   
                                                                                
      3030 JOSE MANUEL                                                          
         6 TEU                                                                  
                                                                                

12 rows selected.

SQL> SET LINESIZE 100
SQL> SELECT* FROM PROFESOR;

       DNI P                                                                   CAR CAT              
---------- ------------------------------------------------------------ ---------- -----            
      1111 JUAN                                                                  6 CU               
      2222 CARLOS                                                                7 TU               
      3333 PEDRO                                                                 4 TEU              
      4444 MARIA                                                                 7 TU               
      5555 IVAN                                                                  1 CEU              
      6666 CARMEN                                                                3 CD               
      7777 MARIO                                                                 2 TU               
      8888 FRANCISCO                                                             5 TU               
      9999 ANGELA                                                                8 TEU              
      1010 DAVID                                                                 4 TU               
      2020 SOLEDAD                                                               7 CU               
      3030 JOSE MANUEL                                                           6 TEU              

12 rows selected.

SQL> SELECT* FROM PROFESOR;

       DNI P                                                                   CAR CAT              
---------- ------------------------------------------------------------ ---------- -----            
      1111 JUAN                                                                  6 CU               
      2222 CARLOS                                                                7 TU               
      3333 PEDRO                                                                 4 TEU              
      4444 MARIA                                                                 7 TU               
      5555 IVAN                                                                  1 CEU              
      6666 CARMEN                                                                3 CD               
      7777 MARIO                                                                 2 TU               
      8888 FRANCISCO                                                             5 TU               
      9999 ANGELA                                                                8 TEU              
      1010 DAVID                                                                 4 TU               
      2020 SOLEDAD                                                               7 CU               
      3030 JOSE MANUEL                                                           6 TEU              

12 rows selected.

SQL> SET LINESIZE 200
SQL> SELECT* FROM PROFESOR;

       DNI P                                                                   CAR CAT                                                                                                                  
---------- ------------------------------------------------------------ ---------- -----                                                                                                                
      1111 JUAN                                                                  6 CU                                                                                                                   
      2222 CARLOS                                                                7 TU                                                                                                                   
      3333 PEDRO                                                                 4 TEU                                                                                                                  
      4444 MARIA                                                                 7 TU                                                                                                                   
      5555 IVAN                                                                  1 CEU                                                                                                                  
      6666 CARMEN                                                                3 CD                                                                                                                   
      7777 MARIO                                                                 2 TU                                                                                                                   
      8888 FRANCISCO                                                             5 TU                                                                                                                   
      9999 ANGELA                                                                8 TEU                                                                                                                  
      1010 DAVID                                                                 4 TU                                                                                                                   
      2020 SOLEDAD                                                               7 CU                                                                                                                   
      3030 JOSE MANUEL                                                           6 TEU                                                                                                                  

12 rows selected.

SQL> SET LINESIZE 80
SQL> SELECT* FROM PROFESOR;

       DNI P                                                                    
---------- ------------------------------------------------------------         
       CAR CAT                                                                  
---------- -----                                                                
      1111 JUAN                                                                 
         6 CU                                                                   
                                                                                
      2222 CARLOS                                                               
         7 TU                                                                   
                                                                                
      3333 PEDRO                                                                
         4 TEU                                                                  
                                                                                
      4444 MARIA                                                                
         7 TU                                                                   
                                                                                
      5555 IVAN                                                                 
         1 CEU                                                                  
                                                                                
      6666 CARMEN                                                               
         3 CD                                                                   
                                                                                
      7777 MARIO                                                                
         2 TU                                                                   
                                                                                
      8888 FRANCISCO                                                            
         5 TU                                                                   
                                                                                
      9999 ANGELA                                                               
         8 TEU                                                                  
                                                                                
      1010 DAVID                                                                
         4 TU                                                                   
                                                                                
      2020 SOLEDAD                                                              
         7 CU                                                                   
                                                                                
      3030 JOSE MANUEL                                                          
         6 TEU                                                                  
                                                                                

12 rows selected.

SQL> set linesize 220
SQL> run
  1* SELECT* FROM PROFESOR

       DNI P                                                                   CAR CAT                                                                                                                                      
---------- ------------------------------------------------------------ ---------- -----                                                                                                                                    
      1111 JUAN                                                                  6 CU                                                                                                                                       
      2222 CARLOS                                                                7 TU                                                                                                                                       
      3333 PEDRO                                                                 4 TEU                                                                                                                                      
      4444 MARIA                                                                 7 TU                                                                                                                                       
      5555 IVAN                                                                  1 CEU                                                                                                                                      
      6666 CARMEN                                                                3 CD                                                                                                                                       
      7777 MARIO                                                                 2 TU                                                                                                                                       
      8888 FRANCISCO                                                             5 TU                                                                                                                                       
      9999 ANGELA                                                                8 TEU                                                                                                                                      
      1010 DAVID                                                                 4 TU                                                                                                                                       
      2020 SOLEDAD                                                               7 CU                                                                                                                                       
      3030 JOSE MANUEL                                                           6 TEU                                                                                                                                      

12 rows selected.

SQL> run
  1* SELECT* FROM PROFESOR

       DNI P                                                                   CAR CAT                                                                                                                                      
---------- ------------------------------------------------------------ ---------- -----                                                                                                                                    
      1111 JUAN                                                                  6 CU                                                                                                                                       
      2222 CARLOS                                                                7 TU                                                                                                                                       
      3333 PEDRO                                                                 4 TEU                                                                                                                                      
      4444 MARIA                                                                 7 TU                                                                                                                                       
      5555 IVAN                                                                  1 CEU                                                                                                                                      
      6666 CARMEN                                                                3 CD                                                                                                                                       
      7777 MARIO                                                                 2 TU                                                                                                                                       
      8888 FRANCISCO                                                             5 TU                                                                                                                                       
      9999 ANGELA                                                                8 TEU                                                                                                                                      
      1010 DAVID                                                                 4 TU                                                                                                                                       
      2020 SOLEDAD                                                               7 CU                                                                                                                                       
      3030 JOSE MANUEL                                                           6 TEU                                                                                                                                      

12 rows selected.

SQL> set linesize 220
SQL> run
  1* SELECT* FROM PROFESOR

       DNI P                                                                   CAR CAT                                                                                                                                      
---------- ------------------------------------------------------------ ---------- -----                                                                                                                                    
      1111 JUAN                                                                  6 CU                                                                                                                                       
      2222 CARLOS                                                                7 TU                                                                                                                                       
      3333 PEDRO                                                                 4 TEU                                                                                                                                      
      4444 MARIA                                                                 7 TU                                                                                                                                       
      5555 IVAN                                                                  1 CEU                                                                                                                                      
      6666 CARMEN                                                                3 CD                                                                                                                                       
      7777 MARIO                                                                 2 TU                                                                                                                                       
      8888 FRANCISCO                                                             5 TU                                                                                                                                       
      9999 ANGELA                                                                8 TEU                                                                                                                                      
      1010 DAVID                                                                 4 TU                                                                                                                                       
      2020 SOLEDAD                                                               7 CU                                                                                                                                       
      3030 JOSE MANUEL                                                           6 TEU                                                                                                                                      

12 rows selected.

SQL> set linesize 200
SQL> run
  1* SELECT* FROM PROFESOR

       DNI P                                                                   CAR CAT                                                                                                                  
---------- ------------------------------------------------------------ ---------- -----                                                                                                                
      1111 JUAN                                                                  6 CU                                                                                                                   
      2222 CARLOS                                                                7 TU                                                                                                                   
      3333 PEDRO                                                                 4 TEU                                                                                                                  
      4444 MARIA                                                                 7 TU                                                                                                                   
      5555 IVAN                                                                  1 CEU                                                                                                                  
      6666 CARMEN                                                                3 CD                                                                                                                   
      7777 MARIO                                                                 2 TU                                                                                                                   
      8888 FRANCISCO                                                             5 TU                                                                                                                   
      9999 ANGELA                                                                8 TEU                                                                                                                  
      1010 DAVID                                                                 4 TU                                                                                                                   
      2020 SOLEDAD                                                               7 CU                                                                                                                   
      3030 JOSE MANUEL                                                           6 TEU                                                                                                                  

12 rows selected.

SQL> set linesize 220
SQL> run
  1* SELECT* FROM PROFESOR

       DNI P                                                                   CAR CAT                                                                                                                                      
---------- ------------------------------------------------------------ ---------- -----                                                                                                                                    
      1111 JUAN                                                                  6 CU                                                                                                                                       
      2222 CARLOS                                                                7 TU                                                                                                                                       
      3333 PEDRO                                                                 4 TEU                                                                                                                                      
      4444 MARIA                                                                 7 TU                                                                                                                                       
      5555 IVAN                                                                  1 CEU                                                                                                                                      
      6666 CARMEN                                                                3 CD                                                                                                                                       
      7777 MARIO                                                                 2 TU                                                                                                                                       
      8888 FRANCISCO                                                             5 TU                                                                                                                                       
      9999 ANGELA                                                                8 TEU                                                                                                                                      
      1010 DAVID                                                                 4 TU                                                                                                                                       
      2020 SOLEDAD                                                               7 CU                                                                                                                                       
      3030 JOSE MANUEL                                                           6 TEU                                                                                                                                      

12 rows selected.

SQL> INSERT TABLE PROFESOR(4040,'CARMELO',7,TU);
INSERT TABLE PROFESOR(4040,'CARMELO',7,TU)
       *
ERROR at line 1:
ORA-00925: missing INTO keyword 


SQL> INSERT INTO TABLE PROFESOR(4040,'CARMELO',7,TU);
INSERT INTO TABLE PROFESOR(4040,'CARMELO',7,TU)
            *
ERROR at line 1:
ORA-00903: invalid table name 


SQL> INSERT INTO PROFESOR(4040,'CARMELO',7,TU);
INSERT INTO PROFESOR(4040,'CARMELO',7,TU)
                     *
ERROR at line 1:
ORA-00928: missing SELECT keyword 


SQL> INSERT INTO PROFESOR VALUES(4040,'CARMELO',7,TU);
INSERT INTO PROFESOR VALUES(4040,'CARMELO',7,TU)
                                             *
ERROR at line 1:
ORA-00984: column not allowed here 


SQL> INSERT INTO PROFESOR VALUES(4040,'CARMELO',7,TU);
INSERT INTO PROFESOR VALUES(4040,'CARMELO',7,TU)
                                             *
ERROR at line 1:
ORA-00984: column not allowed here 


SQL> run
  1* INSERT INTO PROFESOR VALUES(4040,'CARMELO',7,TU)
INSERT INTO PROFESOR VALUES(4040,'CARMELO',7,TU)
                                             *
ERROR at line 1:
ORA-00984: column not allowed here 


SQL> SELECT* FROM PROFESOR;

       DNI P                                                                   CAR CAT                                                                                                                                      
---------- ------------------------------------------------------------ ---------- -----                                                                                                                                    
      1111 JUAN                                                                  6 CU                                                                                                                                       
      2222 CARLOS                                                                7 TU                                                                                                                                       
      3333 PEDRO                                                                 4 TEU                                                                                                                                      
      4444 MARIA                                                                 7 TU                                                                                                                                       
      5555 IVAN                                                                  1 CEU                                                                                                                                      
      6666 CARMEN                                                                3 CD                                                                                                                                       
      7777 MARIO                                                                 2 TU                                                                                                                                       
      8888 FRANCISCO                                                             5 TU                                                                                                                                       
      9999 ANGELA                                                                8 TEU                                                                                                                                      
      1010 DAVID                                                                 4 TU                                                                                                                                       
      2020 SOLEDAD                                                               7 CU                                                                                                                                       
      3030 JOSE MANUEL                                                           6 TEU                                                                                                                                      

12 rows selected.

SQL> INSERT INTO PROFESOR(DNI,P,CAR,CAT) VALUES(4040,'CARMELO',7,TU);
INSERT INTO PROFESOR(DNI,P,CAR,CAT) VALUES(4040,'CARMELO',7,TU)
                                                            *
ERROR at line 1:
ORA-00984: column not allowed here 


SQL> INSERT INTO PROFESOR VALUES(4040,'CARMELO',7,'TU');

1 row created.

SQL> SELECT * FROM PROFESOR;

       DNI P                                                                   CAR CAT                                                                                                                                      
---------- ------------------------------------------------------------ ---------- -----                                                                                                                                    
      4040 CARMELO                                                               7 TU                                                                                                                                       
      1111 JUAN                                                                  6 CU                                                                                                                                       
      2222 CARLOS                                                                7 TU                                                                                                                                       
      3333 PEDRO                                                                 4 TEU                                                                                                                                      
      4444 MARIA                                                                 7 TU                                                                                                                                       
      5555 IVAN                                                                  1 CEU                                                                                                                                      
      6666 CARMEN                                                                3 CD                                                                                                                                       
      7777 MARIO                                                                 2 TU                                                                                                                                       
      8888 FRANCISCO                                                             5 TU                                                                                                                                       
      9999 ANGELA                                                                8 TEU                                                                                                                                      
      1010 DAVID                                                                 4 TU                                                                                                                                       
      2020 SOLEDAD                                                               7 CU                                                                                                                                       
      3030 JOSE MANUEL                                                           6 TEU                                                                                                                                      

13 rows selected.

SQL> INSERT INTO PROFESOR VALUES(4040,'CARMELO',7,'TU');
INSERT INTO PROFESOR VALUES(4040,'CARMELO',7,'TU')
*
ERROR at line 1:
ORA-00001: unique constraint (ALU0100813272.SYS_C0017907) violated 


SQL> INSERT INTO PROFESOR VALUES(4040,'CARMELO','7','TU');
INSERT INTO PROFESOR VALUES(4040,'CARMELO','7','TU')
*
ERROR at line 1:
ORA-00001: unique constraint (ALU0100813272.SYS_C0017907) violated 


SQL> INSERT INTO PROFESORES VALUES(4040,'CARMELO',7,'TU');
INSERT INTO PROFESORES VALUES(4040,'CARMELO',7,'TU')
            *
ERROR at line 1:
ORA-00942: table or view does not exist 


SQL> INSERT INTO PROFESOR VALUES(4040,'CARMELO',7,'TU');
INSERT INTO PROFESOR VALUES(4040,'CARMELO',7,'TU')
*
ERROR at line 1:
ORA-00001: unique constraint (ALU0100813272.SYS_C0017907) violated 


SQL> SELECT * FROM PROFESOR
  2  ;

       DNI P                                                                   CAR CAT                                                                                                                                      
---------- ------------------------------------------------------------ ---------- -----                                                                                                                                    
      4040 CARMELO                                                               7 TU                                                                                                                                       
      1111 JUAN                                                                  6 CU                                                                                                                                       
      2222 CARLOS                                                                7 TU                                                                                                                                       
      3333 PEDRO                                                                 4 TEU                                                                                                                                      
      4444 MARIA                                                                 7 TU                                                                                                                                       
      5555 IVAN                                                                  1 CEU                                                                                                                                      
      6666 CARMEN                                                                3 CD                                                                                                                                       
      7777 MARIO                                                                 2 TU                                                                                                                                       
      8888 FRANCISCO                                                             5 TU                                                                                                                                       
      9999 ANGELA                                                                8 TEU                                                                                                                                      
      1010 DAVID                                                                 4 TU                                                                                                                                       
      2020 SOLEDAD                                                               7 CU                                                                                                                                       
      3030 JOSE MANUEL                                                           6 TEU                                                                                                                                      

13 rows selected.

SQL> SET LINESIZE 220
SQL> SELECT * FROM PROFESOR
  2  ;

       DNI P                                                                   CAR CAT                                                                                                                                      
---------- ------------------------------------------------------------ ---------- -----                                                                                                                                    
      4040 CARMELO                                                               7 TU                                                                                                                                       
      1111 JUAN                                                                  6 CU                                                                                                                                       
      2222 CARLOS                                                                7 TU                                                                                                                                       
      3333 PEDRO                                                                 4 TEU                                                                                                                                      
      4444 MARIA                                                                 7 TU                                                                                                                                       
      5555 IVAN                                                                  1 CEU                                                                                                                                      
      6666 CARMEN                                                                3 CD                                                                                                                                       
      7777 MARIO                                                                 2 TU                                                                                                                                       
      8888 FRANCISCO                                                             5 TU                                                                                                                                       
      9999 ANGELA                                                                8 TEU                                                                                                                                      
      1010 DAVID                                                                 4 TU                                                                                                                                       
      2020 SOLEDAD                                                               7 CU                                                                                                                                       
      3030 JOSE MANUEL                                                           6 TEU                                                                                                                                      

13 rows selected.

SQL> ROLLBACK WORK;

Rollback complete.

SQL> SELECT * FROM PROFESOR
  2  ;

       DNI P                                                                   CAR CAT                                                                                                                                      
---------- ------------------------------------------------------------ ---------- -----                                                                                                                                    
      1111 JUAN                                                                  6 CU                                                                                                                                       
      2222 CARLOS                                                                7 TU                                                                                                                                       
      3333 PEDRO                                                                 4 TEU                                                                                                                                      
      4444 MARIA                                                                 7 TU                                                                                                                                       
      5555 IVAN                                                                  1 CEU                                                                                                                                      
      6666 CARMEN                                                                3 CD                                                                                                                                       
      7777 MARIO                                                                 2 TU                                                                                                                                       
      8888 FRANCISCO                                                             5 TU                                                                                                                                       
      9999 ANGELA                                                                8 TEU                                                                                                                                      
      1010 DAVID                                                                 4 TU                                                                                                                                       
      2020 SOLEDAD                                                               7 CU                                                                                                                                       
      3030 JOSE MANUEL                                                           6 TEU                                                                                                                                      

12 rows selected.

SQL> INSERT INTO PROFESOR VALUES(4040,'CARINA',9,CEU);
INSERT INTO PROFESOR VALUES(4040,'CARINA',9,CEU)
                                            *
ERROR at line 1:
ORA-00984: column not allowed here 


SQL> INSERT INTO PROFESOR VALUES(4040,'CARINA',9,'CEU');
INSERT INTO PROFESOR VALUES(4040,'CARINA',9,'CEU')
*
ERROR at line 1:
ORA-02291: integrity constraint (ALU0100813272.SYS_C0017908) violated - parent key not found 


SQL> INSERT INTO PROFESOR VALUES(4040,'CARINA',9,'CEU');
INSERT INTO PROFESOR VALUES(4040,'CARINA',9,'CEU')
*
ERROR at line 1:
ORA-02291: integrity constraint (ALU0100813272.SYS_C0017908) violated - parent key not found 


SQL> SELECT * FROM PROFESOR
  2  ;

       DNI P                                                                   CAR CAT                                                                                                                                      
---------- ------------------------------------------------------------ ---------- -----                                                                                                                                    
      1111 JUAN                                                                  6 CU                                                                                                                                       
      2222 CARLOS                                                                7 TU                                                                                                                                       
      3333 PEDRO                                                                 4 TEU                                                                                                                                      
      4444 MARIA                                                                 7 TU                                                                                                                                       
      5555 IVAN                                                                  1 CEU                                                                                                                                      
      6666 CARMEN                                                                3 CD                                                                                                                                       
      7777 MARIO                                                                 2 TU                                                                                                                                       
      8888 FRANCISCO                                                             5 TU                                                                                                                                       
      9999 ANGELA                                                                8 TEU                                                                                                                                      
      1010 DAVID                                                                 4 TU                                                                                                                                       
      2020 SOLEDAD                                                               7 CU                                                                                                                                       
      3030 JOSE MANUEL                                                           6 TEU                                                                                                                                      

12 rows selected.

SQL> INSERT INTO PROFESOR VALUE(4040,'CARINA',9,'CEU');
INSERT INTO PROFESOR VALUE(4040,'CARINA',9,'CEU')
                           *
ERROR at line 1:
ORA-00928: missing SELECT keyword 


SQL> INSERT INTO PROFESOR VALUES(4040,'CARINA',9,'CEU');
INSERT INTO PROFESOR VALUES(4040,'CARINA',9,'CEU')
*
ERROR at line 1:
ORA-02291: integrity constraint (ALU0100813272.SYS_C0017908) violated - parent key not found 


SQL> SELECT * FROM PROFESOR;

       DNI P                                                                   CAR CAT                                                                                                                                      
---------- ------------------------------------------------------------ ---------- -----                                                                                                                                    
      1111 JUAN                                                                  6 CU                                                                                                                                       
      2222 CARLOS                                                                7 TU                                                                                                                                       
      3333 PEDRO                                                                 4 TEU                                                                                                                                      
      4444 MARIA                                                                 7 TU                                                                                                                                       
      5555 IVAN                                                                  1 CEU                                                                                                                                      
      6666 CARMEN                                                                3 CD                                                                                                                                       
      7777 MARIO                                                                 2 TU                                                                                                                                       
      8888 FRANCISCO                                                             5 TU                                                                                                                                       
      9999 ANGELA                                                                8 TEU                                                                                                                                      
      1010 DAVID                                                                 4 TU                                                                                                                                       
      2020 SOLEDAD                                                               7 CU                                                                                                                                       
      3030 JOSE MANUEL                                                           6 TEU                                                                                                                                      

12 rows selected.

SQL> INSERT INTO PROFESOR VALUES(4040,'CARINA',9,'CEU');
INSERT INTO PROFESOR VALUES(4040,'CARINA',9,'CEU')
*
ERROR at line 1:
ORA-02291: integrity constraint (ALU0100813272.SYS_C0017908) violated - parent key not found 


SQL> SELECT * FROM PROFESOR;

       DNI P                                                                   CAR CAT                                                                                                                                      
---------- ------------------------------------------------------------ ---------- -----                                                                                                                                    
      1111 JUAN                                                                  6 CU                                                                                                                                       
      2222 CARLOS                                                                7 TU                                                                                                                                       
      3333 PEDRO                                                                 4 TEU                                                                                                                                      
      4444 MARIA                                                                 7 TU                                                                                                                                       
      5555 IVAN                                                                  1 CEU                                                                                                                                      
      6666 CARMEN                                                                3 CD                                                                                                                                       
      7777 MARIO                                                                 2 TU                                                                                                                                       
      8888 FRANCISCO                                                             5 TU                                                                                                                                       
      9999 ANGELA                                                                8 TEU                                                                                                                                      
      1010 DAVID                                                                 4 TU                                                                                                                                       
      2020 SOLEDAD                                                               7 CU                                                                                                                                       
      3030 JOSE MANUEL                                                           6 TEU                                                                                                                                      

12 rows selected.

SQL> INSERT INTO PROFESOR VALUES(4040,'CARINA',8,'CEU');

1 row created.

SQL> SELECT * FROM PROFESOR;

       DNI P                                                                   CAR CAT                                                                                                                                      
---------- ------------------------------------------------------------ ---------- -----                                                                                                                                    
      4040 CARINA                                                                8 CEU                                                                                                                                      
      1111 JUAN                                                                  6 CU                                                                                                                                       
      2222 CARLOS                                                                7 TU                                                                                                                                       
      3333 PEDRO                                                                 4 TEU                                                                                                                                      
      4444 MARIA                                                                 7 TU                                                                                                                                       
      5555 IVAN                                                                  1 CEU                                                                                                                                      
      6666 CARMEN                                                                3 CD                                                                                                                                       
      7777 MARIO                                                                 2 TU                                                                                                                                       
      8888 FRANCISCO                                                             5 TU                                                                                                                                       
      9999 ANGELA                                                                8 TEU                                                                                                                                      
      1010 DAVID                                                                 4 TU                                                                                                                                       
      2020 SOLEDAD                                                               7 CU                                                                                                                                       
      3030 JOSE MANUEL                                                           6 TEU                                                                                                                                      

13 rows selected.

SQL> COMMIT WORK;

Commit complete.

SQL> spool off
